// Jest Snapshot v1, https://goo.gl/fbAQLP

exports[`Input should renders with error 1`] = `
.c0 .c3 {
  border-color: #F16165;
  color: #9164fa;
}

.c0 .c5,
.c0 .c1 {
  color: #F16165;
}

.c4 {
  display: -webkit-box;
  display: -webkit-flex;
  display: -ms-flexbox;
  display: flex;
  -webkit-align-items: center;
  -webkit-box-align: center;
  -ms-flex-align: center;
  align-items: center;
  gap: 0.5rem;
  background: #f7f8fa;
  border-radius: 0.5rem;
  padding: 0 0.5rem;
  border: 2px solid transparent;
  -webkit-transition: 0.1s ease-in-out;
  transition: 0.1s ease-in-out;
}

.c4:focus-within {
  border: 2px solid #9164fa;
}

.c7 {
  color: #494d4b;
  font-family: Roboto,-apple-system,BlinkMacSystemFont,'Segoe UI',Poppins,Oxygen,Ubuntu,Cantarell,'Open Sans','Helvetica Neue',sans-serif;
  font-size: 1rem;
  padding: 0.75rem 0;
  background: transparent;
  border: 2px solid transparent;
  outline: none;
  width: 100%;
}

.c2 {
  font-size: 0.875rem;
  color: #494d4b;
  font-weight: 500;
  cursor: pointer;
}

.c6 {
  display: -webkit-box;
  display: -webkit-flex;
  display: -ms-flexbox;
  display: flex;
  width: -webkit-fit-content;
  width: -moz-fit-content;
  width: fit-content;
  color: #494d4b;
  -webkit-order: 0;
  -ms-flex-order: 0;
  order: 0;
}

.c6 > svg {
  width: -webkit-fit-content;
  width: -moz-fit-content;
  width: fit-content;
  font-size: 1.4rem;
  line-height: 0;
}

.c3:focus-within .c5 {
  color: #9164fa;
}

.c8 {
  color: #F16165;
  font-size: 0.75rem;
  font-weight: 500;
  padding-top: 0.1rem;
}

<div
  class="c0"
>
  <label
    class="c1 c2"
    for="Input"
  >
    Input
  </label>
  <div
    class="c3 c4"
  >
    <div
      class="c5 c6"
    >
      <svg
        data-testid="icon"
        fill="currentColor"
        height="1em"
        viewBox="0 0 256 256"
        width="1em"
        xmlns="http://www.w3.org/2000/svg"
      >
        <rect
          fill="none"
          height="256"
          width="256"
        />
        <path
          d="M32,56H224a0,0,0,0,1,0,0V192a8,8,0,0,1-8,8H40a8,8,0,0,1-8-8V56A0,0,0,0,1,32,56Z"
          fill="none"
          stroke="currentColor"
          stroke-linecap="round"
          stroke-linejoin="round"
          stroke-width="16"
        />
        <polyline
          fill="none"
          points="224 56 128 144 32 56"
          stroke="currentColor"
          stroke-linecap="round"
          stroke-linejoin="round"
          stroke-width="16"
        />
      </svg>
    </div>
    <input
      class="c7"
      id="Input"
      name="Input"
      type="text"
    />
  </div>
  <p
    class="c8"
  >
    Error message
  </p>
</div>
`;
